// Jest Snapshot v1, https://goo.gl/fbAQLP

exports[`<Page /> test 1`] = `
<div>
  <main>
    <div>
      테스트
    </div>
    <a
      href="/test"
    >
      테스트페이지 이동
    </a>
  </main>
</div>
`;
